Parsing: name = "bob"
[EQ]
  [IDENTIFIER]: name
  [STRING]: bob
