Parsing: name = "alice" and (age > 30 or country in ["US", "UK"])
[AND]
  [EQ]
    [IDENTIFIER]: name
    [STRING]: alice
  [OR]
    [GT]
      [IDENTIFIER]: age
      [NUMBER]: 30
    [IN]
      [IDENTIFIER]: country
      [ARRAY]:
        [STRING]: US
        [STRING]: UK
