Parsing: age > 25
[GT]
  [IDENTIFIER]: age
  [NUMBER]: 25
