Parsing: created_at > "2023-01-01"
[GT]
  [IDENTIFIER]: created_at
  [DATE]: 2023-01-01
