Parsing: name = "alice"
[EQ]
  [IDENTIFIER]: name
  [STRING]: alice
