Parsing: tags is null
[IS]
  [IDENTIFIER]: tags
  [NULL]: NULL
