Parsing: is_deleted = false
[EQ]
  [IDENTIFIER]: is_deleted
  [BOOLEAN]: false
