Parsing: timestamp between "2023-01-01T00:00:00Z" and "2023-12-31T23:59:59Z"
[BETWEEN]
  [IDENTIFIER]: timestamp
  [ARRAY]:
    [TIMESTAMP]: 2023-01-01 00:00:00 +0000 UTC
    [TIMESTAMP]: 2023-12-31 23:59:59 +0000 UTC
