Parsing: created_at > "2023-01-01" and updated_at < "2023-12-31T23:59:59Z"
[AND]
  [GT]
    [IDENTIFIER]: created_at
    [DATE]: 2023-01-01
  [LT]
    [IDENTIFIER]: updated_at
    [TIMESTAMP]: 2023-12-31 23:59:59 +0000 UTC
