Parsing: obj.func() = "value"
[EQ]
  [IDENTIFIER]: obj.func()
  [STRING]: value
