Parsing: total = price + tax
[EQ]
  [IDENTIFIER]: total
  [ADD]
    [IDENTIFIER]: price
    [IDENTIFIER]: tax
