Parsing: (a = 1 or b = 2) and (c = 3 or d = 4)
[AND]
  [OR]
    [EQ]
      [IDENTIFIER]: a
      [NUMBER]: 1
    [EQ]
      [IDENTIFIER]: b
      [NUMBER]: 2
  [OR]
    [EQ]
      [IDENTIFIER]: c
      [NUMBER]: 3
    [EQ]
      [IDENTIFIER]: d
      [NUMBER]: 4
