Parsing: total_price = quantity * price
[EQ]
  [IDENTIFIER]: total_price
  [MUL]
    [IDENTIFIER]: quantity
    [IDENTIFIER]: price
