Parsing: name = "José García"
[EQ]
  [IDENTIFIER]: name
  [STRING]: José García
