Parsing: name ~! "Smith.*"
[RNE]
  [IDENTIFIER]: name
  [STRING]: Smith.*
