Parsing: size = 1Gi
[EQ]
  [IDENTIFIER]: size
  [NUMBER]: 1.073741824e+09
