Parsing: not a = 1 and b = 2
[AND]
  [EQ]
    [NOT]
      [IDENTIFIER]: a
    [NUMBER]: 1
  [EQ]
    [IDENTIFIER]: b
    [NUMBER]: 2
