Parsing: message = "hello \"world\""
[EQ]
  [IDENTIFIER]: message
  [STRING]: hello \"world\"
