Parsing: a = 1 and b = 2 or c = 3
[OR]
  [AND]
    [EQ]
      [IDENTIFIER]: a
      [NUMBER]: 1
    [EQ]
      [IDENTIFIER]: b
      [NUMBER]: 2
  [EQ]
    [IDENTIFIER]: c
    [NUMBER]: 3
