Parsing: size = 1Ti
[EQ]
  [IDENTIFIER]: size
  [NUMBER]: 1.099511627776e+12
