Parsing: size = 1.5k
[EQ]
  [IDENTIFIER]: size
  [NUMBER]: 1500
