Parsing: size = 0k
[EQ]
  [IDENTIFIER]: size
  [NUMBER]: 0
