Parsing: text ~= "\\b\\w+\\b"
[REQ]
  [IDENTIFIER]: text
  [STRING]: \\b\\w+\\b
